images/angry_000.jpg 0 50 50 100 100
images/angry_001.jpg 0 50 50 100 100
images/angry_002.jpg 0 50 50 100 100
images/angry_003.jpg 0 50 50 100 100
images/angry_004.jpg 0 50 50 100 100
images/angry_005.jpg 0 50 50 100 100
images/angry_006.jpg 0 50 50 100 100
images/angry_007.jpg 0 50 50 100 100
images/angry_008.jpg 0 50 50 100 100
images/angry_009.jpg 0 50 50 100 100
images/disgust_000.jpg 1 50 50 100 100
images/disgust_001.jpg 1 50 50 100 100
images/disgust_002.jpg 1 50 50 100 100
images/disgust_003.jpg 1 50 50 100 100
images/disgust_004.jpg 1 50 50 100 100
images/disgust_005.jpg 1 50 50 100 100
images/disgust_006.jpg 1 50 50 100 100
images/disgust_007.jpg 1 50 50 100 100
images/disgust_008.jpg 1 50 50 100 100
images/disgust_009.jpg 1 50 50 100 100
images/fear_000.jpg 2 50 50 100 100
images/fear_001.jpg 2 50 50 100 100
images/fear_002.jpg 2 50 50 100 100
images/fear_003.jpg 2 50 50 100 100
images/fear_004.jpg 2 50 50 100 100
images/fear_005.jpg 2 50 50 100 100
images/fear_006.jpg 2 50 50 100 100
images/fear_007.jpg 2 50 50 100 100
images/fear_008.jpg 2 50 50 100 100
images/fear_009.jpg 2 50 50 100 100
images/happy_000.jpg 3 50 50 100 100
images/happy_001.jpg 3 50 50 100 100
images/happy_002.jpg 3 50 50 100 100
images/happy_003.jpg 3 50 50 100 100
images/happy_004.jpg 3 50 50 100 100
images/happy_005.jpg 3 50 50 100 100
images/happy_006.jpg 3 50 50 100 100
images/happy_007.jpg 3 50 50 100 100
images/happy_008.jpg 3 50 50 100 100
images/happy_009.jpg 3 50 50 100 100
images/sad_000.jpg 4 50 50 100 100
images/sad_001.jpg 4 50 50 100 100
images/sad_002.jpg 4 50 50 100 100
images/sad_003.jpg 4 50 50 100 100
images/sad_004.jpg 4 50 50 100 100
images/sad_005.jpg 4 50 50 100 100
images/sad_006.jpg 4 50 50 100 100
images/sad_007.jpg 4 50 50 100 100
images/sad_008.jpg 4 50 50 100 100
images/sad_009.jpg 4 50 50 100 100
images/surprise_000.jpg 5 50 50 100 100
images/surprise_001.jpg 5 50 50 100 100
images/surprise_002.jpg 5 50 50 100 100
images/surprise_003.jpg 5 50 50 100 100
images/surprise_004.jpg 5 50 50 100 100
images/surprise_005.jpg 5 50 50 100 100
images/surprise_006.jpg 5 50 50 100 100
images/surprise_007.jpg 5 50 50 100 100
images/surprise_008.jpg 5 50 50 100 100
images/surprise_009.jpg 5 50 50 100 100
images/neutral_000.jpg 6 50 50 100 100
images/neutral_001.jpg 6 50 50 100 100
images/neutral_002.jpg 6 50 50 100 100
images/neutral_003.jpg 6 50 50 100 100
images/neutral_004.jpg 6 50 50 100 100
images/neutral_005.jpg 6 50 50 100 100
images/neutral_006.jpg 6 50 50 100 100
images/neutral_007.jpg 6 50 50 100 100
images/neutral_008.jpg 6 50 50 100 100
images/neutral_009.jpg 6 50 50 100 100
